Microchip MPLAB XC8 Compiler V2.45

Linker command line:

-W-3 \
  --edf=C:\Program Files\Microchip\xc8\v2.45\pic\dat\20230818022343_en.msgs \
  -cn -h+dist/default/production\CEP.X.production.sym \
  --cmf=dist/default/production\CEP.X.production.cmf -z -Q16F877A \
  -oC:\Users\pc\AppData\Local\Temp\xcAshag.\driver_tmp_3.o \
  --defsym=__MPLAB_BUILD=1 --fixupoverflow=error \
  -Mdist/default/production/CEP.X.production.map \
  --md=C:\Users\pc\AppData\Local\Temp\xcAshag.\driver_tmp_0.dat -E1 \
  -ver=XC8 Compiler --acfsm=1493 -ACODE=00h-07FFhx4 -ASTRCODE=00h-01FFFh \
  -ASTRING=00h-0FFhx32 -ACONST=00h-0FFhx32 -AENTRY=00h-0FFhx32 \
  -ACOMMON=070h-07Fh -ABANK0=020h-06Fh -ABANK1=0A0h-0EFh \
  -ABANK2=0110h-016Fh -ABANK3=0190h-01EFh \
  -ARAM=020h-06Fh,0A0h-0EFh,0110h-016Fh,0190h-01EFh \
  -AABS1=020h-07Fh,0A0h-0EFh,0110h-016Fh,0190h-01EFh -ASFR0=00h-01Fh \
  -ASFR1=080h-09Fh -ASFR2=0100h-010Fh -ASFR3=0180h-018Fh \
  -ACONFIG=02007h-02007h -DCONFIG=2 -AIDLOC=02000h-02003h -DIDLOC=2 \
  -AEEDATA=00h-0FFh/02100h -peeprom_data=EEDATA -DEEDATA=2 -DCODE=2 \
  -DSTRCODE=2 -DSTRING=2 -DCONST=2 -DENTRY=2 \
  -preset_vec=00h,intentry=04h,init,end_init -ppowerup=CODE -pcinit=CODE \
  -pfunctab=ENTRY -k \
  C:\Users\pc\AppData\Local\Temp\xcAshag.\driver_tmp_12.o \
  dist/default/production\CEP.X.production.o 

Object code version is 3.11

Machine type is 16F877A



                Name                               Link     Load   Length Selector   Space Scale
C:\Users\pc\AppData\Local\Temp\xcAshag.\driver_tmp_12.o
                end_init                              C        C        3        8       0
                reset_vec                             0        0        3        0       0
                config                             2007     2007        1        0       4
dist/default/production\CEP.X.production.o
                cinit                                 F        F       29        8       0
                intentry                              4        4        8        8       0
                config                             2007     2007        1        0       4
                text5                               283      283       7B        8       0
                text4                               1F7      1F7       8C        8       0
                text3                               119      119       DE        8       0
                text2                               345      345       1A        8       0
                text1                               328      328       1D        8       0
                maintext                             38       38       E1        8       0
                cstackBANK0                          60       60       10       20       1
                cstackCOMMON                         70       70        C       70       1
                clrtext                             37C      37C        8        8       0
                inittext                            35F      35F       13        8       0
                dataBANK1                            A0       A0        A       A0       1
                dataBANK0                            20       20       2A       20       1
                bssBANK0                             4A       4A       16       20       1
                bssCOMMON                            7C       7C        2       70       1
                idataBANK1                          372      372        A        8       0
                idataBANK0                          2FE      2FE       2A        8       0

TOTAL           Name                               Link     Load   Length     Space
        CLASS   CODE           
                end_init                              C        C        3         0
                cinit                                 F        F       29         0
                intentry                              4        4        8         0
                reset_vec                             0        0        3         0
                text5                               283      283       7B         0
                text4                               1F7      1F7       8C         0
                text3                               119      119       DE         0
                text2                               345      345       1A         0
                text1                               328      328       1D         0
                maintext                             38       38       E1         0
                clrtext                             37C      37C        8         0
                inittext                            35F      35F       13         0
                idataBANK1                          372      372        A         0
                idataBANK0                          2FE      2FE       2A         0

        CLASS   STRCODE        

        CLASS   STRING         

        CLASS   CONST          

        CLASS   ENTRY          

        CLASS   COMMON         
                cstackCOMMON                         70       70        C         1
                bssCOMMON                            7C       7C        2         1

        CLASS   BANK0          
                cstackBANK0                          60       60       10         1
                dataBANK0                            20       20       2A         1
                bssBANK0                             4A       4A       16         1

        CLASS   BANK1          
                dataBANK1                            A0       A0        A         1

        CLASS   BANK2          

        CLASS   BANK3          

        CLASS   RAM            

        CLASS   ABS1           
                abs_s1                               7E       7E        2         1

        CLASS   SFR0           

        CLASS   SFR1           

        CLASS   SFR2           

        CLASS   SFR3           

        CLASS   CONFIG         
                config                             2007     2007        1         4

        CLASS   IDLOC          

        CLASS   EEDATA         

        CLASS   HEAP           

        CLASS   STACK          



SEGMENTS        Name                           Load    Length   Top    Selector   Space  Class     Delta

                reset_vec                      000000  000003  000003         0       0  CODE        2
                intentry                       000004  000380  000384         8       0  CODE        2
                dataBANK0                      000020  000050  000070        20       1  BANK0       1
                cstackCOMMON                   000070  00000E  00007E        70       1  COMMON      1
                dataBANK1                      0000A0  00000A  0000AA        A0       1  BANK1       1


UNUSED ADDRESS RANGES

        Name                Unused          Largest block    Delta
        BANK1            00AA-00EF             46           1
        BANK2            0110-016F             60           1
        BANK3            0190-01EF             60           1
        CODE             0003-0003              1           2
                         0384-1FFF            800
        CONST            0003-0003              1           2
                         0384-1FFF            100
        EEDATA           2100-21FF            100           2
        ENTRY            0003-0003              1           2
                         0384-1FFF            100
        IDLOC            2000-2003              4           2
        RAM              00AA-00EF             46           1
                         0110-016F             60
                         0190-01EF             60
        SFR0             0000-001F             20           1
        SFR1             0080-009F             20           1
        SFR2             0100-010F             10           1
        SFR3             0180-018F             10           1
        STRCODE          0003-0003              1           2
                         0384-1FFF           1C7C
        STRING           0003-0003              1           2
                         0384-1FFF            100

                                  Symbol Table

_ADCON0bits              (abs)        001F
_ADCON1                  (abs)        009F
_GIE                     (abs)        005F
_G_tem                   bssBANK0     004A
_LED                     text5        0283
_LED_STATUS              dataBANK0    0020
_Max_one                 dataBANK0    0048
_Max_sec                 bssBANK0     005E
_Mid_one                 dataBANK0    0042
_Mid_sec                 bssBANK0     005C
_Open_one                dataBANK0    0046
_Open_sec                dataBANK0    0044
_PEIE                    (abs)        005E
_PORTA                   (abs)        0005
_PORTD                   (abs)        0008
_RA1                     (abs)        0029
_RA4                     (abs)        002C
_RA5                     (abs)        002D
_RB0                     (abs)        0030
_RB1                     (abs)        0031
_RB2                     (abs)        0032
_RB3                     (abs)        0033
_RB4                     (abs)        0034
_RB5                     (abs)        0035
_RB6                     (abs)        0036
_RB7                     (abs)        0037
_RC1                     (abs)        0039
_RC3                     (abs)        003B
_RC4                     (abs)        003C
_RC5                     (abs)        003D
_RC6                     (abs)        003E
_RC7                     (abs)        003F
_RE0                     (abs)        0048
_RE1                     (abs)        0049
_RE2                     (abs)        004A
_R_tem                   bssBANK0     004E
_T1CON                   (abs)        0010
_TMR1H                   (abs)        000F
_TMR1IE                  (abs)        0460
_TMR1IF                  (abs)        0060
_TRISA                   (abs)        0085
_TRISB                   (abs)        0086
_TRISC                   (abs)        0087
_TRISD                   (abs)        0088
_TRISE                   (abs)        0089
_Y_tem                   bssBANK0     004C
__H__absolute__          __absolute__ 0000
__Habs1                  abs1         0000
__Hbank0                 bank0        0000
__Hbank1                 bank1        0000
__Hbank2                 bank2        0000
__Hbank3                 bank3        0000
__HbssBANK0              bssBANK0     0000
__HbssCOMMON             bssCOMMON    0000
__Hcinit                 cinit        0038
__Hclrtext               clrtext      0000
__Hcode                  code         0000
__Hcommon                common       0000
__Hconfig                config       2008
__HcstackBANK0           cstackBANK0  0000
__HcstackCOMMON          cstackCOMMON 0000
__HdataBANK0             dataBANK0    0000
__HdataBANK1             dataBANK1    0000
__Heeprom_data           eeprom_data  0000
__Hend_init              end_init     000F
__Hfunctab               functab      0000
__Hheap                  heap         0000
__HidataBANK0            idataBANK0   0000
__HidataBANK1            idataBANK1   0000
__Hinit                  init         000C
__Hinittext              inittext     0000
__Hintentry              intentry     000C
__Hmaintext              maintext     0000
__Hpowerup               powerup      0000
__Hram                   ram          0000
__Hreset_vec             reset_vec    0003
__Hsfr0                  sfr0         0000
__Hsfr1                  sfr1         0000
__Hsfr2                  sfr2         0000
__Hsfr3                  sfr3         0000
__Hspace_0               (abs)        0384
__Hspace_1               (abs)        00AA
__Hspace_2               (abs)        0000
__Hspace_3               (abs)        0000
__Hspace_4               (abs)        400F
__Hstack                 stack        0000
__Hstrings               strings      0000
__Htext                  text         0000
__L__absolute__          __absolute__ 0000
__Labs1                  abs1         0000
__Lbank0                 bank0        0000
__Lbank1                 bank1        0000
__Lbank2                 bank2        0000
__Lbank3                 bank3        0000
__LbssBANK0              bssBANK0     0000
__LbssCOMMON             bssCOMMON    0000
__Lcinit                 cinit        000F
__Lclrtext               clrtext      0000
__Lcode                  code         0000
__Lcommon                common       0000
__Lconfig                config       0000
__LcstackBANK0           cstackBANK0  0000
__LcstackCOMMON          cstackCOMMON 0000
__LdataBANK0             dataBANK0    0000
__LdataBANK1             dataBANK1    0000
__Leeprom_data           eeprom_data  0000
__Lend_init              end_init     000C
__Lfunctab               functab      0000
__Lheap                  heap         0000
__LidataBANK0            idataBANK0   0000
__LidataBANK1            idataBANK1   0000
__Linit                  init         000C
__Linittext              inittext     0000
__Lintentry              intentry     0004
__Lmaintext              maintext     0000
__Lpowerup               powerup      0000
__Lram                   ram          0000
__Lreset_vec             reset_vec    0000
__Lsfr0                  sfr0         0000
__Lsfr1                  sfr1         0000
__Lsfr2                  sfr2         0000
__Lsfr3                  sfr3         0000
__Lspace_0               (abs)        0000
__Lspace_1               (abs)        0000
__Lspace_2               (abs)        0000
__Lspace_3               (abs)        0000
__Lspace_4               (abs)        0000
__Lstack                 stack        0000
__Lstrings               strings      0000
__Ltext                  text         0000
__S0                     (abs)        0384
__S1                     (abs)        00AA
__S3                     (abs)        0000
___heap_hi               (abs)        0000
___heap_lo               (abs)        0000
___int_sp                stack        0000
___int_stack_hi          stack        0000
___int_stack_lo          stack        0000
___latbits               (abs)        0002
___sp                    stack        0000
___stack_hi              stack        0000
___stack_lo              stack        0000
___stackhi               (abs)        0000
___stacklo               (abs)        0000
__end_of_LED             text5        02FE
__end_of__initialization cinit        0034
__end_of_delay           text2        035F
__end_of_display         text1        0345
__end_of_evaluate        text4        0283
__end_of_isr             text3        01F7
__end_of_main            maintext     0119
__initialization         cinit        000F
__pbssBANK0              bssBANK0     004A
__pbssCOMMON             bssCOMMON    007C
__pcstackBANK0           cstackBANK0  0060
__pcstackCOMMON          cstackCOMMON 0070
__pdataBANK0             dataBANK0    0020
__pdataBANK1             dataBANK1    00A0
__pidataBANK0            idataBANK0   02FE
__pidataBANK1            idataBANK1   0372
__pintentry              intentry     0004
__pmaintext              maintext     0038
__ptext1                 text1        0328
__ptext2                 text2        0345
__ptext3                 text3        0119
__ptext4                 text4        01F7
__ptext5                 text5        0283
_count                   bssBANK0     0058
_delay                   text2        0345
_display                 text1        0328
_evaluate                text4        01F7
_isr                     text3        0119
_main                    maintext     0038
_one_b                   dataBANK0    003A
_one_l                   dataBANK0    0040
_one_r                   bssBANK0     0056
_one_temp                bssCOMMON    007C
_one_u                   bssBANK0     0052
_sec_b                   bssBANK0     0054
_sec_l                   dataBANK0    003E
_sec_r                   dataBANK0    003C
_sec_temp                bssBANK0     0050
_sec_u                   dataBANK0    0038
btemp                    (abs)        007E
clear_ram0               clrtext      037C
delay@a                  cstackBANK0  0062
delay@time               cstackBANK0  0060
display@F1036            dataBANK1    00A0
display@a                cstackBANK0  0060
display@value            cstackBANK0  0066
end_of_initialization    cinit        0034
evaluate@G_T             cstackCOMMON 0078
evaluate@One             cstackCOMMON 0070
evaluate@R_T             cstackCOMMON 0074
evaluate@Sec             cstackCOMMON 0072
evaluate@Y_T             cstackCOMMON 0076
init_fetch0              inittext     035F
init_ram0                inittext     0363
interrupt_function       intentry     0004
intlevel0                functab      0000
intlevel1                functab      0000
intlevel2                functab      0000
intlevel3                functab      0000
intlevel4                functab      0000
intlevel5                functab      0000
nosup@@$_$_CONFIG        (abs)        0000
reset_vec                reset_vec    0000
saved_w                  (abs)        007E
start                    init         000C
start_initialization     cinit        000F
wtemp0                   (abs)        007E


MODULE INFORMATION

Module		Function		Class		Link	Load	Size
newmain.c
		_delay         		CODE           	0345	0000	26
		_display       		CODE           	0328	0000	29
		_LED           		CODE           	0283	0000	123
		_main          		CODE           	0038	0000	225
		_evaluate      		CODE           	01F7	0000	140
		_isr           		CODE           	0119	0000	222

newmain.c estimated size: 765

shared
		__initialization		CODE           	000F	0000	37

shared estimated size: 37

